// Jest Snapshot v1, https://goo.gl/fbAQLP

exports[`Main component renders correctly 1`] = `
<DocumentFragment>
  <div
    class="main"
  >
    <div
      class="header"
    >
      <div
        class="without-user"
      >
        <a
          class="nav-brand"
          href="/"
        >
          <h2>
            The Bloggy Blog
          </h2>
        </a>
        <div
          class="btns"
        >
          <button
            class="home-link-btn"
          >
            <a
              class="home-link"
              href="/"
            >
               Home
            </a>
          </button>
          <button
            class="s-btn"
          >
            <a
              class="signup-link"
              href="/signup"
            >
              Signup
            </a>
          </button>
          <button
            class="lg-btn"
          >
            <a
              class="lg-link"
              href="/login"
            >
              Login
            </a>
          </button>
        </div>
      </div>
    </div>
    <h1
      class="page-title"
    >
      The Posts
    </h1>
  </div>
</DocumentFragment>
`;

exports[`Main renders correctly 1`] = `
<DocumentFragment>
  <div
    class="main"
  >
    <div
      class="header"
    >
      <div
        class="without-user"
      >
        <a
          class="nav-brand"
          href="/"
        >
          <h2>
            The Bloggy Blog
          </h2>
        </a>
        <div
          class="btns"
        >
          <button
            class="home-link-btn"
          >
            <a
              class="home-link"
              href="/"
            >
               Home
            </a>
          </button>
          <button
            class="s-btn"
          >
            <a
              class="signup-link"
              href="/signup"
            >
              Signup
            </a>
          </button>
          <button
            class="lg-btn"
          >
            <a
              class="lg-link"
              href="/login"
            >
              Login
            </a>
          </button>
        </div>
      </div>
    </div>
    <h1
      class="page-title"
    >
      The Posts
    </h1>
  </div>
</DocumentFragment>
`;
